【明教地图】                           



                              鹰王宫
                                |
              碧水潭畔         武场 
                 |              |
              后山小路        碎石路
                 |              |
              后山小路        碎石路 
                 |              |
              后山小路        碎石路
                 |              |
              后花园─后花园─后花园
                        |
                    明教大殿
             休息室     |       药品库
                   \    |      /  
           饭厅─走廊─走廊─走廊─练功房
                        |    
                      光明顶               
                        |       
                        |   洪水坛   
                        |  /
               巨木坛─山门─烈火坛
                        |
                       山路
                        |
                       山路
                        |
              了望塔─半山门
                        | 
                       石阶       草棚 
                         \         |
                 里屋   石阶──小胡同─小胡同 
                   |     |         \
                 农家─小镇─小木屋 小破屋 
                           \   
                            大沙漠─大沙漠
                           /
                      绿柳山庄 

[注：细微之处及暗道恕不标出！]