
【武当派地图】(武当弟子所用)

                                天柱峰下 
                                    |
                                  密林
                                    |
                                  密林     武器室
                                    |        |  
                    北侧门─西廊─后院─东厢走廊─俞岱岩住处 
                 松林        |      |        |
                  |        休息室   |       茶室 
  复真观二层─复真观一层─西侧门─前院─龟泉
      |                             |
  复真观三层        静修阁─小道─后堂─膳房─香积厨
                                    | 
                   斋房─左配殿─三清殿─右配殿─睡房
                                    |
                                 武当广场 
                                    |
                                  凌霄宫 
                                    |
                    好汉坡─石阶─玄武门
                      |
                     石阶 
                      |
                    小吃店─遇真宫 
                              |
                             石阶  
                              |
                             石阶                              
                              |
                             石阶 
                              | 
                             石阶─武当山门

