※※※※※※※※※※※※  侠客岛总图  ※※※※※※※※※※※※

                          泉州
                           +
                           |
                           +
                     \\  南海滨  //
                       \\      //
                        ≈≈≈≈ 
                小溪 ~~ ≈≈≈≈ 
                    ~~  ≈≈≈≈  大海 
               谷底~~※ ≈≈≈≈ 
                |    |  
               +     +----沙滩  
             侠客台        |    
                           |
            侠 ¤¤¤¤   沙滩
            客 ¤¤¤¤    |
            居 ¤¤¤¤    |
                  |        树林
                  +------^^^^^^
                         ^^^^^^
                         ^^^^^^\
                        +       +
                       +       +
                     山崖    瀑布
                             ＝＝
                             石洞
                  
                  
※※※※※※※※※※※※※※ 侠客居 ※※※※※※※※※※※※※


                              
               花园 - 石路 - 楼廊  
                              |
                木岛主居室 - 精舍 -  龙岛主居室
                              |
                   储藏室... 大殿 -  轩堂 
                              |
                             大厅 
                              |
          厢房        饭厅 - 庭院 - 小柴房
            |                 |
          走廊------西偏厅-观月阁-东偏厅  
              |               |
             厢房          迎宾馆                       


※※※※※※※※※※※※※※※※※※※※※※※※※※※※※※※                           
        
                                                aiai

                                                99/4/23
