【“笑傲江湖”第一阶段总图】

                                                   ----万林山(暂无)    ≈≈¤
                                   蒙古            ----五毒教(暂无)    ≈≈神龙岛
               古墓==---少林寺       |                ≈≈                 (暂无)
                |       ≌≌≌    襄阳城               〔大海〕
             终南山(全真)   \     ≌≌≌
              ^^^^\          \       |
                  华山村--\    ____ 汝州   
  明教光明顶      ≡≡≡   \         |
      ∧∧             \   华山∧∧ ≈≈汉水   
          ::::          \           | 
          ::::            \ nw      |
          (大漠) 星宿派     \       |
             \     |          \\\\  |               泰山
              \---天山∧∧          |                |               归云庄
                   \     黑木崖    n|   梅庄 丐帮    |                /
      白驼山-------|       |        |    |   ±±    | \\/========|===
       ∧∧        ========|==w- 扬州城 -e〔竹林〕-e /          |
                   |            ≌≌≌≌            .\       黑风山∧∧          
               ::::南疆            |                . \
               ::::沙漠            |s                . |
                                   |                  .|              ≈≈¤
           武当山 ∧∧  / / / ====  \     ====嘉兴=====>>≈≈桃花岛  
                         /       /   \桃源               |
                        /       /                            | 
              峨嵋山∧∧       / ==黑沼                      |         ≈≈¤
                      平西王府/                             泉州 ====>>≈≈钓鱼岛                                            | /                                             
              ∧∧无量山\\  /  ///天龙寺                   ≌≌≌      (大海)
                                                             | 
                                                            ＝＝ 
                                                           ≈≈≈≈
                                                            
                                                            ≈≈¤  
                                                            ≈≈侠客岛 
                                                                                                                               
                             
〔cock修改于2001.4.14〕                               
