【大理地图】
              
             万劫谷
               |
             澜沧江畔
               |
    琅缳福地─石室─围棋室
               |
            洞中小道      
               | 
            洞中小道                ※※※※※
               |          羊肠小路─※迷魂阵※
               无量山洞门 /         ※※※※※
                   |     /
                谷底小路     
                 /     \
             谷底小路  谷底小路
                 \        | 
               谷底小路─谷底
                          |         
                       崖间古松      松木屋
                          |               \
                      ＊＊＊＊           长廊 
                      ＊峭壁＊             |
                      ＊＊＊＊     客房─雨花院─饭厅 
                          ||               |
                         小路            三元宫
                           ||              |  
                          山间小路        长廊 
                              ||           |         
         万劫谷树墙─万劫谷─山间小路    瑞鹤门
                                   \\      |        
                                     \\天龙寺山脚
                                          /
                                        大道
                                        /
                                     羊肠小路 
                                      /
                                  羊肠小路 
                                   /



                    