
【襄阳城地图】



                                         襄阳北门
           雪峰脚下                         |                                           后山
               |                           北街                                           | 
           乡间土路                         |                                           黑松寨
               |                     民宅─北街─贫苦民宅─里屋                           |   
           乡间土路  农舍里屋               |                                   黑松岭─黑松寨山门
               |       |                   北街─客厅─吕家内宅                   |   
           乡间土路─农舍                   |      后院                         山路
               |                   小吃部─北街      |                            |
           乡间土路             打铁铺      |      药铺  客厅                  半山坡    民宅
               |                  |         |        |     |                      |        |  
           襄阳西门─西街─西街─西街──城中心──东街─东街─东街─襄阳东门─城东小路─菜园 
                          /       |         |                    |
                     帅府大门    打铁铺     |                 太平茶馆
                         /       程氏诊所─南街─客店        
                  帅府大厅                  | 
                                   绸缎庄─南街
                                            | 
                                   土地庙─南街 
                                            |    
                                         襄阳南门 