                                    静修庵
                                      |
                                    山道
                                     / \
                            山道  山道 山道-药王洞
                              \   /
                              山道
                                |
蛇窟尽头                 寝室 后门
   |                      |     |
 蛇窟               寝室-花园-后园 
   |                      |     |
蛇窟入口                 寝室 小道
   |                            |
 小道-小道-北侧门-北廊--北廊--神灯阁--北廊--------膳房-伙房
                    |   /jingzhao                   |
    jingxuan-禅房-西廊-禅房    后殿-jinghe   禅房-东廊-厢房
       jingxu\      |  /jingjia |                   |
        坪   禅房-西廊-禅房   接引殿-jingxin 禅房-东廊-厢房      藏经楼
        |           |           |                   |            /
      小道-西侧门-西廊-西廊-千佛庵大殿----东廊----东廊-东侧门-归云阁
       /            |  /jingzhen|                   |
      坪    /禅房-西廊-禅房   毗卢殿-jingfeng禅房-东廊-厢房
        jingkong    |  /jingxian|                   |
             禅房-西廊-禅房   文殊殿-jingdao 禅房-东廊-厢房
              |                 |
          jinghui           千佛庵大门-清音阁-万年庵
                               /         |
                             小贩      神水阁
                                         | 
                                        石阶-xunshan 2
                                         |
         山谷        ?               山门殿-wenxin
           |                             | \wenyue
         地道        ?          玉女峰-山门-wenxu,拜师进峨嵋        
           |                         |      \shoushan 4                              |
         地道  保国寺大殿  罗峰山  石坊                                
           |        |        |       |               
         凤凰台-保国寺大门-伏虎寺-解脱桥                
           |        |
         baiyuan  广场
                    |
                 解剑石-shoushan 2                       
                    |
                  石阶
