.......................................................	听香水榭--小路................
.......................................................    |	    |.................
.......................................................	  厨房	  小路--农舍..........
..............	  私塾--练武场--休息室	...............		    |.................
..............   	  |		...............	    农舍--小路................
	内室	  膳房--练武场--兵器房	...............		    \.................
	  |		  |		.......................... 小路--小路.........
  书房--客厅	   小路--小路--小路--花园.........................  /      |..........
	  |	    /		       |.........................钓鱼台  小路.........
  库房--庭院--小路 /		........................................   |..........
	  |			........................................  码头........
  厢房--庭院--厢房		.... 还施水阁.........................................
	  |			......................................................
  厢房--庭院--厢房		......................................................
	  |			......................................................
..   燕子坞大门	......................................................................
..	  |...........................................................................
..	小路..........................................................................
..	  |...........................................................................
..荷塘--小路..........................................................................
..  |     |...........................................................................
..农舍--小路..........................................................................
.......	  |...........................................................................
.......	小路.........................................................        .........
.......	  |.......................................................... 听雨居 .........
.......	码头.........................................................    |  ..........
.....................................................................  小路  .........
..............................................................           |  ..........
.............................................................  小树林--小路  .........
.....................................................................    |  ..........
.......................................................	 小路----小路--小路--码头  ...
.......................................................	   |	   |  ................
...............................................  绣房--琴韵小筑  农舍  ...............
...............................................                        ...............
......................................................................................
......................................................................................
......................................................................................
.................................................     ×××××          ............
.................................................     ×××××--码头    ............
.......	    竹林--茶花地--茶花地      小桥--小路--小路×××××          ............
.......	    /			\	|             ×××××--红霞楼  ............
花肥房--小路   <小*********山>	小路--小路  ..........................................
.......	   \		        /    .................................................
.......	   小路----小路----－小路    .................................................
.......	     |		       |     .................................................
.......	  工具房      内室--云锦阁   .................................................
.....................	  ××××× .................................................
.....................	  ××××× .................................................
.....................	  ××××× .................................................
.....................      琅镮福地  .................................................
......................................................................................
......................................................................................
